2026-06-06 02:47:50 [info] [_stream_transform.js:166 - Transform._read] MongoDB connected successfully
2026-06-06 02:48:03 [info] [_stream_transform.js:166 - Transform._read] Token Provied
2026-06-06 02:48:03 [info] [_stream_transform.js:166 - Transform._read] Token Provied
2026-06-06 02:48:03 [info] [_stream_transform.js:166 - Transform._read] Token Provied
2026-06-06 02:48:03 [info] [_stream_transform.js:166 - Transform._read] Token Provied
2026-06-06 02:48:03 [info] [_stream_transform.js:166 - Transform._read] Token Provied
2026-06-06 02:48:04 [info] [_stream_transform.js:166 - Transform._read] Token Provied
2026-06-06 02:48:04 [info] [_stream_transform.js:166 - Transform._read] Token Provied
2026-06-06 02:48:04 [info] [_stream_transform.js:166 - Transform._read] Token Provied
2026-06-06 02:48:04 [info] [_stream_transform.js:166 - Transform._read] Token Provied
2026-06-06 02:48:04 [info] [_stream_transform.js:166 - Transform._read] Token Provied
2026-06-06 02:48:04 [info] [_stream_transform.js:166 - Transform._read] Token Provied
2026-06-06 02:48:04 [info] [_stream_transform.js:166 - Transform._read] Token Provied
2026-06-06 02:48:04 [info] [_stream_transform.js:166 - Transform._read] Token Provied
2026-06-06 02:48:04 [info] [_stream_transform.js:166 - Transform._read] Token Provied
2026-06-06 02:48:04 [info] [_stream_transform.js:166 - Transform._read] Token Provied
2026-06-06 02:48:05 [info] [_stream_transform.js:166 - Transform._read] Token Provied
2026-06-06 02:49:35 [info] [_stream_transform.js:166 - Transform._read] MongoDB connected successfully
2026-06-06 02:49:45 [info] [_stream_transform.js:166 - Transform._read] MongoDB connected successfully
2026-06-06 02:49:52 [info] [_stream_transform.js:166 - Transform._read] MongoDB connected successfully
2026-06-06 02:51:24 [info] [_stream_transform.js:166 - Transform._read] MongoDB connected successfully
2026-06-06 02:51:53 [info] [_stream_transform.js:166 - Transform._read] Admin logged in: admin@ayurvedahealth.com
2026-06-06 02:51:53 [info] [_stream_transform.js:166 - Transform._read] Token Provied
2026-06-06 02:51:53 [info] [_stream_transform.js:166 - Transform._read] Token Provied
2026-06-06 02:51:53 [info] [_stream_transform.js:166 - Transform._read] Token Provied
2026-06-06 02:51:53 [info] [_stream_transform.js:166 - Transform._read] Token Provied
2026-06-06 02:51:53 [info] [_stream_transform.js:166 - Transform._read] Token Provied
2026-06-06 02:51:53 [info] [_stream_transform.js:166 - Transform._read] Token Provied
2026-06-06 02:51:53 [info] [_stream_transform.js:166 - Transform._read] Token Provied
2026-06-06 02:51:53 [info] [_stream_transform.js:166 - Transform._read] Token Provied
2026-06-06 02:51:53 [info] [_stream_transform.js:166 - Transform._read] Token Provied
2026-06-06 02:51:53 [info] [_stream_transform.js:166 - Transform._read] Token Provied
2026-06-06 02:51:54 [info] [_stream_transform.js:166 - Transform._read] Token Provied
2026-06-06 02:51:54 [info] [_stream_transform.js:166 - Transform._read] Token Provied
2026-06-06 02:51:57 [info] [_stream_transform.js:166 - Transform._read] Token Provied
2026-06-06 02:51:57 [info] [_stream_transform.js:166 - Transform._read] Token Provied
2026-06-06 02:51:57 [info] [_stream_transform.js:166 - Transform._read] Token Provied
2026-06-06 02:51:57 [info] [_stream_transform.js:166 - Transform._read] Token Provied
2026-06-06 02:51:57 [info] [_stream_transform.js:166 - Transform._read] Token Provied
2026-06-06 02:51:57 [info] [_stream_transform.js:166 - Transform._read] Token Provied
2026-06-06 02:51:57 [info] [_stream_transform.js:166 - Transform._read] Token Provied
2026-06-06 02:51:57 [info] [_stream_transform.js:166 - Transform._read] Token Provied
2026-06-06 02:54:43 [info] [_stream_transform.js:166 - Transform._read] Token Provied
2026-06-06 02:54:43 [info] [_stream_transform.js:166 - Transform._read] Token Provied
2026-06-06 02:54:43 [info] [_stream_transform.js:166 - Transform._read] Token Provied
2026-06-06 02:54:43 [info] [_stream_transform.js:166 - Transform._read] Token Provied
2026-06-06 02:54:43 [info] [_stream_transform.js:166 - Transform._read] Token Provied
2026-06-06 02:54:43 [info] [_stream_transform.js:166 - Transform._read] Token Provied
2026-06-06 02:54:43 [info] [_stream_transform.js:166 - Transform._read] Token Provied
2026-06-06 02:54:43 [info] [_stream_transform.js:166 - Transform._read] Token Provied
2026-06-06 02:54:45 [info] [_stream_transform.js:166 - Transform._read] Token Provied
2026-06-06 02:54:45 [info] [_stream_transform.js:166 - Transform._read] Token Provied
2026-06-06 02:54:45 [info] [_stream_transform.js:166 - Transform._read] Token Provied
2026-06-06 02:54:45 [info] [_stream_transform.js:166 - Transform._read] Token Provied
2026-06-06 02:54:45 [info] [_stream_transform.js:166 - Transform._read] Token Provied
2026-06-06 02:54:45 [info] [_stream_transform.js:166 - Transform._read] Token Provied
2026-06-06 02:54:45 [info] [_stream_transform.js:166 - Transform._read] Token Provied
2026-06-06 02:54:46 [info] [_stream_transform.js:166 - Transform._read] Token Provied
2026-06-06 02:58:25 [info] [_stream_transform.js:166 - Transform._read] MongoDB connected successfully
2026-06-06 02:58:43 [info] [_stream_transform.js:166 - Transform._read] MongoDB connected successfully
2026-06-06 02:58:49 [info] [_stream_transform.js:166 - Transform._read] MongoDB connected successfully
2026-06-06 02:59:12 [info] [_stream_transform.js:166 - Transform._read] MongoDB connected successfully
2026-06-06 02:59:21 [info] [_stream_transform.js:166 - Transform._read] MongoDB connected successfully
2026-06-06 02:59:31 [info] [_stream_transform.js:166 - Transform._read] MongoDB connected successfully
2026-06-06 02:59:43 [info] [_stream_transform.js:166 - Transform._read] Token Provied
2026-06-06 02:59:43 [info] [_stream_transform.js:166 - Transform._read] Token Provied
2026-06-06 02:59:44 [info] [_stream_transform.js:166 - Transform._read] Token Provied
2026-06-06 02:59:44 [info] [_stream_transform.js:166 - Transform._read] Token Provied
2026-06-06 02:59:44 [info] [_stream_transform.js:166 - Transform._read] Token Provied
2026-06-06 02:59:44 [info] [_stream_transform.js:166 - Transform._read] Token Provied
2026-06-06 02:59:44 [info] [_stream_transform.js:166 - Transform._read] Token Provied
2026-06-06 02:59:44 [info] [_stream_transform.js:166 - Transform._read] Token Provied
2026-06-06 02:59:44 [info] [_stream_transform.js:166 - Transform._read] Token Provied
2026-06-06 02:59:44 [info] [_stream_transform.js:166 - Transform._read] Token Provied
2026-06-06 02:59:46 [info] [_stream_transform.js:166 - Transform._read] Token Provied
2026-06-06 02:59:48 [info] [_stream_transform.js:166 - Transform._read] Token Provied
2026-06-06 02:59:49 [info] [_stream_transform.js:166 - Transform._read] Token Provied
2026-06-06 02:59:51 [info] [_stream_transform.js:166 - Transform._read] Token Provied
2026-06-06 02:59:52 [info] [_stream_transform.js:166 - Transform._read] Token Provied
2026-06-06 02:59:53 [info] [_stream_transform.js:166 - Transform._read] Token Provied
2026-06-06 03:00:11 [info] [_stream_transform.js:166 - Transform._read] Token Provied
2026-06-06 03:00:11 [info] [_stream_transform.js:166 - Transform._read] Token Provied
2026-06-06 03:00:12 [info] [_stream_transform.js:166 - Transform._read] Token Provied
2026-06-06 03:00:12 [info] [_stream_transform.js:166 - Transform._read] Token Provied
2026-06-06 03:00:12 [info] [_stream_transform.js:166 - Transform._read] Token Provied
2026-06-06 03:02:40 [info] [_stream_transform.js:166 - Transform._read] Token Provied
2026-06-06 03:02:40 [info] [_stream_transform.js:166 - Transform._read] Token Provied
2026-06-06 03:02:41 [info] [_stream_transform.js:166 - Transform._read] Token Provied
2026-06-06 03:02:41 [info] [_stream_transform.js:166 - Transform._read] Token Provied
2026-06-06 03:02:41 [info] [_stream_transform.js:166 - Transform._read] Token Provied
2026-06-06 03:02:41 [info] [_stream_transform.js:166 - Transform._read] Token Provied
2026-06-06 03:02:42 [info] [_stream_transform.js:166 - Transform._read] Token Provied
2026-06-06 03:02:42 [info] [_stream_transform.js:166 - Transform._read] Token Provied
2026-06-06 03:02:43 [info] [_stream_transform.js:166 - Transform._read] Token Provied
2026-06-06 03:02:43 [info] [_stream_transform.js:166 - Transform._read] Token Provied
2026-06-06 03:02:43 [info] [_stream_transform.js:166 - Transform._read] Token Provied
2026-06-06 03:02:43 [info] [_stream_transform.js:166 - Transform._read] Token Provied
2026-06-06 03:02:43 [info] [_stream_transform.js:166 - Transform._read] Token Provied
2026-06-06 03:02:43 [info] [_stream_transform.js:166 - Transform._read] Token Provied
2026-06-06 03:02:44 [info] [_stream_transform.js:166 - Transform._read] Token Provied
2026-06-06 03:02:45 [info] [_stream_transform.js:166 - Transform._read] Token Provied
2026-06-06 03:03:44 [info] [_stream_transform.js:166 - Transform._read] MongoDB connected successfully
2026-06-06 03:03:52 [info] [_stream_transform.js:166 - Transform._read] Token Provied
2026-06-06 03:03:58 [info] [_stream_transform.js:166 - Transform._read] MongoDB connected successfully
2026-06-06 03:05:43 [info] [_stream_transform.js:166 - Transform._read] MongoDB connected successfully
2026-06-06 03:05:59 [info] [_stream_transform.js:166 - Transform._read] Token Provied
2026-06-06 03:05:59 [info] [_stream_transform.js:166 - Transform._read] Token Provied
2026-06-06 03:06:00 [info] [_stream_transform.js:166 - Transform._read] Token Provied
2026-06-06 03:06:00 [info] [_stream_transform.js:166 - Transform._read] Token Provied
2026-06-06 03:06:00 [info] [_stream_transform.js:166 - Transform._read] Token Provied
2026-06-06 03:06:00 [info] [_stream_transform.js:166 - Transform._read] Token Provied
2026-06-06 03:06:00 [info] [_stream_transform.js:166 - Transform._read] Token Provied
2026-06-06 03:06:00 [info] [_stream_transform.js:166 - Transform._read] Token Provied
2026-06-06 03:06:00 [info] [_stream_transform.js:166 - Transform._read] Token Provied
2026-06-06 03:06:00 [info] [_stream_transform.js:166 - Transform._read] Token Provied
2026-06-06 03:06:00 [info] [_stream_transform.js:166 - Transform._read] Token Provied
2026-06-06 03:06:00 [info] [_stream_transform.js:166 - Transform._read] Token Provied
2026-06-06 03:06:00 [info] [_stream_transform.js:166 - Transform._read] Token Provied
2026-06-06 03:06:00 [info] [_stream_transform.js:166 - Transform._read] Token Provied
2026-06-06 03:06:01 [info] [_stream_transform.js:166 - Transform._read] Token Provied
2026-06-06 03:06:01 [info] [_stream_transform.js:166 - Transform._read] Token Provied
2026-06-06 03:06:09 [info] [_stream_transform.js:166 - Transform._read] Token Provied
2026-06-06 03:06:09 [info] [_stream_transform.js:166 - Transform._read] Token Provied
2026-06-06 03:06:09 [info] [_stream_transform.js:166 - Transform._read] Token Provied
2026-06-06 03:06:09 [info] [_stream_transform.js:166 - Transform._read] Token Provied
2026-06-06 03:06:09 [info] [_stream_transform.js:166 - Transform._read] Token Provied
2026-06-06 03:06:09 [info] [_stream_transform.js:166 - Transform._read] Token Provied
2026-06-06 03:06:09 [info] [_stream_transform.js:166 - Transform._read] Token Provied
2026-06-06 03:06:09 [info] [_stream_transform.js:166 - Transform._read] Token Provied
2026-06-06 03:06:16 [info] [_stream_transform.js:166 - Transform._read] Token Provied
2026-06-06 03:06:16 [info] [_stream_transform.js:166 - Transform._read] Token Provied
2026-06-06 03:06:37 [info] [_stream_transform.js:166 - Transform._read] Token Provied
2026-06-06 03:06:37 [info] [_stream_transform.js:166 - Transform._read] Token Provied
2026-06-06 03:06:37 [info] [_stream_transform.js:166 - Transform._read] Token Provied
2026-06-06 03:06:37 [info] [_stream_transform.js:166 - Transform._read] Token Provied
2026-06-06 03:06:37 [info] [_stream_transform.js:166 - Transform._read] Token Provied
2026-06-06 03:06:37 [info] [_stream_transform.js:166 - Transform._read] Token Provied
2026-06-06 03:06:37 [info] [_stream_transform.js:166 - Transform._read] Token Provied
2026-06-06 03:06:38 [info] [_stream_transform.js:166 - Transform._read] Token Provied
2026-06-06 03:12:36 [info] [_stream_transform.js:166 - Transform._read] MongoDB connected successfully
2026-06-06 03:12:52 [info] [_stream_transform.js:166 - Transform._read] MongoDB connected successfully
2026-06-06 03:13:03 [info] [_stream_transform.js:166 - Transform._read] MongoDB connected successfully
2026-06-06 03:13:11 [info] [_stream_transform.js:166 - Transform._read] MongoDB connected successfully
2026-06-06 03:13:21 [info] [_stream_transform.js:166 - Transform._read] MongoDB connected successfully
2026-06-06 03:13:29 [info] [_stream_transform.js:166 - Transform._read] MongoDB connected successfully
2026-06-06 03:13:41 [info] [_stream_transform.js:166 - Transform._read] MongoDB connected successfully
2026-06-06 03:13:48 [info] [_stream_transform.js:166 - Transform._read] SMS reminder job started — 60 min before visit, poll every 60000ms
2026-06-06 03:14:06 [info] [_stream_transform.js:166 - Transform._read] Token Provied
2026-06-06 03:14:06 [info] [_stream_transform.js:166 - Transform._read] Token Provied
2026-06-06 03:14:06 [info] [_stream_transform.js:166 - Transform._read] Token Provied
2026-06-06 03:14:06 [info] [_stream_transform.js:166 - Transform._read] Token Provied
2026-06-06 03:14:06 [info] [_stream_transform.js:166 - Transform._read] Token Provied
2026-06-06 03:14:06 [info] [_stream_transform.js:166 - Transform._read] Token Provied
2026-06-06 03:14:07 [info] [_stream_transform.js:166 - Transform._read] Token Provied
2026-06-06 03:14:07 [info] [_stream_transform.js:166 - Transform._read] Token Provied
2026-06-06 03:14:08 [info] [_stream_transform.js:166 - Transform._read] Token Provied
2026-06-06 03:14:08 [info] [_stream_transform.js:166 - Transform._read] Token Provied
2026-06-06 03:14:08 [info] [_stream_transform.js:166 - Transform._read] Token Provied
2026-06-06 03:14:09 [info] [_stream_transform.js:166 - Transform._read] Token Provied
2026-06-06 03:14:09 [info] [_stream_transform.js:166 - Transform._read] Token Provied
2026-06-06 03:14:10 [info] [_stream_transform.js:166 - Transform._read] Token Provied
2026-06-06 03:14:10 [info] [_stream_transform.js:166 - Transform._read] Token Provied
2026-06-06 03:14:10 [info] [_stream_transform.js:166 - Transform._read] Token Provied
2026-06-06 03:14:19 [info] [_stream_transform.js:166 - Transform._read] Token Provied
2026-06-06 03:14:19 [info] [_stream_transform.js:166 - Transform._read] Token Provied
2026-06-06 03:14:19 [info] [_stream_transform.js:166 - Transform._read] Token Provied
2026-06-06 03:14:19 [info] [_stream_transform.js:166 - Transform._read] Token Provied
2026-06-06 03:14:20 [info] [_stream_transform.js:166 - Transform._read] Token Provied
2026-06-06 03:14:20 [info] [_stream_transform.js:166 - Transform._read] Token Provied
2026-06-06 03:14:20 [info] [_stream_transform.js:166 - Transform._read] Token Provied
2026-06-06 03:14:21 [info] [_stream_transform.js:166 - Transform._read] Token Provied
2026-06-06 03:21:40 [info] [_stream_transform.js:166 - Transform._read] Token Provied
2026-06-06 03:21:40 [info] [_stream_transform.js:166 - Transform._read] Token Provied
2026-06-06 03:21:40 [info] [_stream_transform.js:166 - Transform._read] Token Provied
2026-06-06 03:21:40 [info] [_stream_transform.js:166 - Transform._read] Token Provied
2026-06-06 03:21:41 [info] [_stream_transform.js:166 - Transform._read] Token Provied
2026-06-06 03:21:41 [info] [_stream_transform.js:166 - Transform._read] Token Provied
2026-06-06 03:21:41 [info] [_stream_transform.js:166 - Transform._read] Token Provied
2026-06-06 03:21:41 [info] [_stream_transform.js:166 - Transform._read] Token Provied
2026-06-06 03:21:44 [info] [_stream_transform.js:166 - Transform._read] Token Provied
2026-06-06 03:21:44 [info] [_stream_transform.js:166 - Transform._read] Token Provied
2026-06-06 03:21:44 [info] [_stream_transform.js:166 - Transform._read] Token Provied
2026-06-06 03:21:45 [info] [_stream_transform.js:166 - Transform._read] Token Provied
2026-06-06 03:21:45 [info] [_stream_transform.js:166 - Transform._read] Token Provied
2026-06-06 03:21:45 [info] [_stream_transform.js:166 - Transform._read] Token Provied
2026-06-06 03:21:45 [info] [_stream_transform.js:166 - Transform._read] Token Provied
2026-06-06 03:21:45 [info] [_stream_transform.js:166 - Transform._read] Token Provied
2026-06-06 03:22:52 [info] [_stream_transform.js:166 - Transform._read] Token Provied
2026-06-06 03:22:52 [info] [_stream_transform.js:166 - Transform._read] Token Provied
2026-06-06 03:22:52 [info] [_stream_transform.js:166 - Transform._read] Token Provied
2026-06-06 03:22:52 [info] [_stream_transform.js:166 - Transform._read] Token Provied
2026-06-06 03:22:52 [info] [_stream_transform.js:166 - Transform._read] Token Provied
2026-06-06 03:22:54 [info] [_stream_transform.js:166 - Transform._read] Token Provied
2026-06-06 03:27:25 [info] [_stream_transform.js:166 - Transform._read] Token Provied
2026-06-06 03:27:25 [info] [_stream_transform.js:166 - Transform._read] Token Provied
2026-06-06 03:27:48 [info] [_stream_transform.js:166 - Transform._read] MongoDB connected successfully
2026-06-06 03:27:53 [info] [_stream_transform.js:166 - Transform._read] MongoDB connected successfully
2026-06-06 03:27:57 [info] [_stream_transform.js:166 - Transform._read] MongoDB connected successfully
2026-06-06 03:37:26 [info] [_stream_transform.js:166 - Transform._read] MongoDB connected successfully
2026-06-06 03:37:30 [info] [_stream_transform.js:166 - Transform._read] SMS reminder job started — 60 min before visit, poll every 60000ms
2026-06-06 03:37:36 [info] [_stream_transform.js:166 - Transform._read] Token Provied
2026-06-06 03:37:36 [info] [_stream_transform.js:166 - Transform._read] Token Provied
2026-06-06 03:37:36 [info] [_stream_transform.js:166 - Transform._read] Token Provied
2026-06-06 03:37:37 [info] [_stream_transform.js:166 - Transform._read] Token Provied
2026-06-06 03:37:38 [info] [_stream_transform.js:166 - Transform._read] Token Provied
2026-06-06 03:37:38 [info] [_stream_transform.js:166 - Transform._read] Token Provied
2026-06-06 03:37:38 [info] [_stream_transform.js:166 - Transform._read] Token Provied
2026-06-06 03:37:38 [info] [_stream_transform.js:166 - Transform._read] Token Provied
2026-06-06 03:37:38 [info] [_stream_transform.js:166 - Transform._read] Token Provied
2026-06-06 03:37:38 [info] [_stream_transform.js:166 - Transform._read] Token Provied
2026-06-06 03:37:39 [info] [_stream_transform.js:166 - Transform._read] Token Provied
2026-06-06 03:37:39 [info] [_stream_transform.js:166 - Transform._read] Token Provied
2026-06-06 03:37:39 [info] [_stream_transform.js:166 - Transform._read] Token Provied
2026-06-06 03:37:39 [info] [_stream_transform.js:166 - Transform._read] Token Provied
2026-06-06 03:37:39 [info] [_stream_transform.js:166 - Transform._read] Token Provied
2026-06-06 03:37:39 [info] [_stream_transform.js:166 - Transform._read] Token Provied
2026-06-06 03:37:43 [info] [_stream_transform.js:166 - Transform._read] Token Provied
2026-06-06 03:37:43 [info] [_stream_transform.js:166 - Transform._read] Token Provied
2026-06-06 03:37:43 [info] [_stream_transform.js:166 - Transform._read] Token Provied
2026-06-06 03:37:43 [info] [_stream_transform.js:166 - Transform._read] Token Provied
2026-06-06 03:37:43 [info] [_stream_transform.js:166 - Transform._read] Token Provied
2026-06-06 03:37:43 [info] [_stream_transform.js:166 - Transform._read] Token Provied
2026-06-06 03:37:43 [info] [_stream_transform.js:166 - Transform._read] Token Provied
2026-06-06 03:37:44 [info] [_stream_transform.js:166 - Transform._read] Token Provied
2026-06-06 03:37:46 [info] [_stream_transform.js:166 - Transform._read] Token Provied
2026-06-06 03:37:46 [info] [_stream_transform.js:166 - Transform._read] Token Provied
2026-06-06 03:37:46 [info] [_stream_transform.js:166 - Transform._read] Token Provied
2026-06-06 03:37:46 [info] [_stream_transform.js:166 - Transform._read] Token Provied
2026-06-06 03:37:46 [info] [_stream_transform.js:166 - Transform._read] Token Provied
2026-06-06 03:37:47 [info] [_stream_transform.js:166 - Transform._read] Token Provied
2026-06-06 03:37:47 [info] [_stream_transform.js:166 - Transform._read] Token Provied
2026-06-06 03:37:47 [info] [_stream_transform.js:166 - Transform._read] Token Provied
2026-06-06 03:38:36 [info] [_stream_transform.js:166 - Transform._read] MongoDB connected successfully
2026-06-06 03:38:43 [info] [_stream_transform.js:166 - Transform._read] MongoDB connected successfully
2026-06-06 03:38:47 [info] [_stream_transform.js:166 - Transform._read] SMS reminder job started — 60 min before visit, poll every 60000ms
2026-06-06 03:38:54 [info] [_stream_transform.js:166 - Transform._read] Token Provied
2026-06-06 03:38:54 [info] [_stream_transform.js:166 - Transform._read] Token Provied
2026-06-06 03:38:54 [info] [_stream_transform.js:166 - Transform._read] Token Provied
2026-06-06 03:38:54 [info] [_stream_transform.js:166 - Transform._read] Token Provied
2026-06-06 03:38:54 [info] [_stream_transform.js:166 - Transform._read] Token Provied
2026-06-06 03:38:55 [info] [_stream_transform.js:166 - Transform._read] Token Provied
2026-06-06 03:39:08 [info] [_stream_transform.js:166 - Transform._read] MongoDB connected successfully
2026-06-06 03:39:12 [info] [_stream_transform.js:166 - Transform._read] SMS reminder job started — 60 min before visit, poll every 60000ms
2026-06-06 03:39:14 [info] [_stream_transform.js:166 - Transform._read] Token Provied
2026-06-06 03:39:22 [info] [_stream_transform.js:166 - Transform._read] Token Provied
2026-06-06 03:39:23 [info] [_stream_transform.js:166 - Transform._read] Token Provied
2026-06-06 03:39:23 [info] [_stream_transform.js:166 - Transform._read] Token Provied
2026-06-06 03:39:23 [info] [_stream_transform.js:166 - Transform._read] Token Provied
2026-06-06 03:39:41 [info] [_stream_transform.js:166 - Transform._read] Token Provied
2026-06-06 03:39:41 [info] [_stream_transform.js:166 - Transform._read] Token Provied
2026-06-06 03:39:42 [info] [_stream_transform.js:166 - Transform._read] Token Provied
2026-06-06 03:39:42 [info] [_stream_transform.js:166 - Transform._read] Token Provied
2026-06-06 03:39:44 [info] [_stream_transform.js:166 - Transform._read] Token Provied
2026-06-06 03:39:44 [info] [_stream_transform.js:166 - Transform._read] Token Provied
2026-06-06 03:40:19 [info] [_stream_transform.js:166 - Transform._read] Token Provied
2026-06-06 03:40:19 [info] [_stream_transform.js:166 - Transform._read] Token Provied
2026-06-06 03:40:20 [info] [_stream_transform.js:166 - Transform._read] Token Provied
2026-06-06 03:40:20 [info] [_stream_transform.js:166 - Transform._read] Token Provied
2026-06-06 03:40:22 [info] [_stream_transform.js:166 - Transform._read] Token Provied
2026-06-06 03:40:22 [info] [_stream_transform.js:166 - Transform._read] Token Provied
2026-06-06 03:40:47 [info] [_stream_transform.js:166 - Transform._read] Token Provied
2026-06-06 03:40:48 [info] [_stream_transform.js:166 - Transform._read] Token Provied
2026-06-06 03:40:48 [info] [_stream_transform.js:166 - Transform._read] Token Provied
2026-06-06 03:40:48 [info] [_stream_transform.js:166 - Transform._read] Token Provied
2026-06-06 03:40:48 [info] [_stream_transform.js:166 - Transform._read] Token Provied
2026-06-06 03:40:48 [info] [_stream_transform.js:166 - Transform._read] Token Provied
2026-06-06 03:42:58 [info] [_stream_transform.js:166 - Transform._read] Token Provied
2026-06-06 03:42:58 [info] [_stream_transform.js:166 - Transform._read] Token Provied
2026-06-06 03:42:58 [info] [_stream_transform.js:166 - Transform._read] Token Provied
2026-06-06 03:42:59 [info] [_stream_transform.js:166 - Transform._read] Token Provied
2026-06-06 03:43:01 [info] [_stream_transform.js:166 - Transform._read] Token Provied
2026-06-06 03:43:01 [info] [_stream_transform.js:166 - Transform._read] Token Provied
2026-06-06 03:43:38 [info] [_stream_transform.js:166 - Transform._read] Token Provied
2026-06-06 03:43:38 [info] [_stream_transform.js:166 - Transform._read] Token Provied
2026-06-06 03:43:38 [info] [_stream_transform.js:166 - Transform._read] Token Provied
2026-06-06 03:43:38 [info] [_stream_transform.js:166 - Transform._read] Token Provied
2026-06-06 03:43:38 [info] [_stream_transform.js:166 - Transform._read] Token Provied
2026-06-06 03:43:39 [info] [_stream_transform.js:166 - Transform._read] Token Provied
2026-06-06 03:44:14 [info] [_stream_transform.js:166 - Transform._read] Token Provied
2026-06-06 03:44:14 [info] [_stream_transform.js:166 - Transform._read] Token Provied
2026-06-06 03:44:15 [info] [_stream_transform.js:166 - Transform._read] Token Provied
2026-06-06 03:44:16 [info] [_stream_transform.js:166 - Transform._read] Token Provied
2026-06-06 03:44:16 [info] [_stream_transform.js:166 - Transform._read] Token Provied
2026-06-06 03:44:16 [info] [_stream_transform.js:166 - Transform._read] Token Provied
2026-06-06 03:44:18 [info] [_stream_transform.js:166 - Transform._read] Token Provied
2026-06-06 03:44:18 [info] [_stream_transform.js:166 - Transform._read] Token Provied
2026-06-06 03:44:18 [info] [_stream_transform.js:166 - Transform._read] Token Provied
2026-06-06 03:44:19 [info] [_stream_transform.js:166 - Transform._read] Token Provied
2026-06-06 03:44:19 [info] [_stream_transform.js:166 - Transform._read] Token Provied
2026-06-06 03:44:19 [info] [_stream_transform.js:166 - Transform._read] Token Provied
2026-06-06 03:44:20 [info] [_stream_transform.js:166 - Transform._read] Token Provied
2026-06-06 03:44:20 [info] [_stream_transform.js:166 - Transform._read] Token Provied
2026-06-06 03:44:20 [info] [_stream_transform.js:166 - Transform._read] Token Provied
2026-06-06 03:44:38 [info] [_stream_transform.js:166 - Transform._read] MongoDB connected successfully
2026-06-06 03:44:42 [info] [_stream_transform.js:166 - Transform._read] SMS reminder job started — 60 min before visit, poll every 60000ms
2026-06-06 03:44:53 [info] [_stream_transform.js:166 - Transform._read] MongoDB connected successfully
2026-06-06 03:44:57 [info] [_stream_transform.js:166 - Transform._read] SMS reminder job started — 60 min before visit, poll every 60000ms
2026-06-06 03:45:08 [info] [_stream_transform.js:166 - Transform._read] MongoDB connected successfully
2026-06-06 03:45:17 [info] [_stream_transform.js:166 - Transform._read] MongoDB connected successfully
2026-06-06 03:45:21 [info] [_stream_transform.js:166 - Transform._read] SMS reminder job started — 60 min before visit, poll every 60000ms
2026-06-06 03:45:34 [info] [_stream_transform.js:166 - Transform._read] MongoDB connected successfully
2026-06-06 03:45:38 [info] [_stream_transform.js:166 - Transform._read] SMS reminder job started — 60 min before visit, poll every 60000ms
2026-06-06 03:45:41 [info] [_stream_transform.js:166 - Transform._read] Migrated 20 pharmacy item(s)
2026-06-06 03:46:02 [info] [_stream_transform.js:166 - Transform._read] Token Provied
2026-06-06 03:46:02 [info] [_stream_transform.js:166 - Transform._read] Token Provied
2026-06-06 03:46:21 [info] [_stream_transform.js:166 - Transform._read] Token Provied
2026-06-06 03:46:21 [info] [_stream_transform.js:166 - Transform._read] Token Provied
2026-06-06 03:46:51 [info] [_stream_transform.js:166 - Transform._read] MongoDB connected successfully
2026-06-06 03:46:59 [info] [_stream_transform.js:166 - Transform._read] SMS reminder job started — 60 min before visit, poll every 60000ms
2026-06-06 03:47:21 [info] [_stream_transform.js:166 - Transform._read] Token Provied
2026-06-06 03:47:21 [info] [_stream_transform.js:166 - Transform._read] Token Provied
2026-06-06 03:47:21 [info] [_stream_transform.js:166 - Transform._read] Token Provied
2026-06-06 03:47:21 [info] [_stream_transform.js:166 - Transform._read] Token Provied
2026-06-06 03:47:21 [info] [_stream_transform.js:166 - Transform._read] Token Provied
2026-06-06 03:47:22 [info] [_stream_transform.js:166 - Transform._read] Token Provied
2026-06-06 03:49:11 [info] [_stream_transform.js:166 - Transform._read] Token Provied
2026-06-06 03:49:11 [info] [_stream_transform.js:166 - Transform._read] Token Provied
2026-06-06 03:49:11 [info] [_stream_transform.js:166 - Transform._read] Token Provied
2026-06-06 03:49:11 [info] [_stream_transform.js:166 - Transform._read] Token Provied
2026-06-06 03:49:11 [info] [_stream_transform.js:166 - Transform._read] Token Provied
2026-06-06 03:49:11 [info] [_stream_transform.js:166 - Transform._read] Token Provied
2026-06-06 03:49:11 [info] [_stream_transform.js:166 - Transform._read] Token Provied
2026-06-06 03:49:12 [info] [_stream_transform.js:166 - Transform._read] Token Provied
2026-06-06 03:50:05 [info] [_stream_transform.js:166 - Transform._read] MongoDB connected successfully
2026-06-06 03:50:10 [info] [_stream_transform.js:166 - Transform._read] SMS reminder job started — 60 min before visit, poll every 60000ms
2026-06-06 03:50:57 [info] [_stream_transform.js:166 - Transform._read] Token Provied
2026-06-06 03:50:57 [info] [_stream_transform.js:166 - Transform._read] Token Provied
2026-06-06 03:50:57 [info] [_stream_transform.js:166 - Transform._read] Token Provied
2026-06-06 03:50:57 [info] [_stream_transform.js:166 - Transform._read] Token Provied
2026-06-06 03:50:57 [info] [_stream_transform.js:166 - Transform._read] Token Provied
2026-06-06 03:50:58 [info] [_stream_transform.js:166 - Transform._read] Token Provied
2026-06-06 03:50:58 [info] [_stream_transform.js:166 - Transform._read] Token Provied
2026-06-06 03:50:58 [info] [_stream_transform.js:166 - Transform._read] Token Provied
2026-06-06 03:50:58 [info] [_stream_transform.js:166 - Transform._read] Token Provied
2026-06-06 03:50:58 [info] [_stream_transform.js:166 - Transform._read] Token Provied
2026-06-06 03:50:58 [info] [_stream_transform.js:166 - Transform._read] Token Provied
2026-06-06 03:50:58 [info] [_stream_transform.js:166 - Transform._read] Token Provied
2026-06-06 03:50:58 [info] [_stream_transform.js:166 - Transform._read] Token Provied
2026-06-06 03:50:59 [info] [_stream_transform.js:166 - Transform._read] Token Provied
2026-06-06 03:50:59 [info] [_stream_transform.js:166 - Transform._read] Token Provied
2026-06-06 03:50:59 [info] [_stream_transform.js:166 - Transform._read] Token Provied
2026-06-06 03:51:02 [info] [_stream_transform.js:166 - Transform._read] Token Provied
2026-06-06 03:51:02 [info] [_stream_transform.js:166 - Transform._read] Token Provied
2026-06-06 03:51:02 [info] [_stream_transform.js:166 - Transform._read] Token Provied
2026-06-06 03:51:02 [info] [_stream_transform.js:166 - Transform._read] Token Provied
2026-06-06 03:51:03 [info] [_stream_transform.js:166 - Transform._read] Token Provied
2026-06-06 03:51:03 [info] [_stream_transform.js:166 - Transform._read] Token Provied
2026-06-06 03:51:28 [info] [_stream_transform.js:166 - Transform._read] Token Provied
2026-06-06 03:51:28 [info] [_stream_transform.js:166 - Transform._read] Token Provied
2026-06-06 03:51:28 [info] [_stream_transform.js:166 - Transform._read] Token Provied
2026-06-06 03:51:29 [info] [_stream_transform.js:166 - Transform._read] Token Provied
2026-06-06 03:51:29 [info] [_stream_transform.js:166 - Transform._read] Token Provied
2026-06-06 03:51:29 [info] [_stream_transform.js:166 - Transform._read] Token Provied
2026-06-06 03:53:09 [info] [_stream_transform.js:166 - Transform._read] Token Provied
2026-06-06 03:53:09 [info] [_stream_transform.js:166 - Transform._read] Token Provied
2026-06-06 03:53:09 [info] [_stream_transform.js:166 - Transform._read] Token Provied
2026-06-06 03:53:09 [info] [_stream_transform.js:166 - Transform._read] Token Provied
2026-06-06 03:53:10 [info] [_stream_transform.js:166 - Transform._read] Token Provied
2026-06-06 03:53:10 [info] [_stream_transform.js:166 - Transform._read] Token Provied
2026-06-06 03:53:33 [info] [_stream_transform.js:166 - Transform._read] MongoDB connected successfully
2026-06-06 03:53:39 [info] [_stream_transform.js:166 - Transform._read] SMS reminder job started — 60 min before visit, poll every 60000ms
2026-06-06 03:53:50 [info] [_stream_transform.js:166 - Transform._read] MongoDB connected successfully
2026-06-06 03:53:53 [info] [_stream_transform.js:166 - Transform._read] SMS reminder job started — 60 min before visit, poll every 60000ms
2026-06-06 03:54:06 [info] [_stream_transform.js:166 - Transform._read] MongoDB connected successfully
2026-06-06 03:54:06 [info] [_stream_transform.js:166 - Transform._read] Running pharmacy item migration (sale prices + legacy fields)…
2026-06-06 03:54:09 [info] [_stream_transform.js:166 - Transform._read] Migrated 41 pharmacy item(s); sale price set on 41
2026-06-06 03:56:06 [info] [_stream_transform.js:166 - Transform._read] MongoDB connected successfully
2026-06-06 03:56:06 [info] [_stream_transform.js:166 - Transform._read] Running pharmacy item migration (sale prices + legacy fields)…
2026-06-06 03:56:07 [info] [_stream_transform.js:166 - Transform._read] Pharmacy migration: all items already have sale prices
2026-06-06 03:58:36 [info] [_stream_transform.js:166 - Transform._read] MongoDB connected successfully
2026-06-06 03:58:42 [info] [_stream_transform.js:166 - Transform._read] SMS reminder job started — 60 min before visit, poll every 60000ms
2026-06-06 03:58:57 [info] [_stream_transform.js:166 - Transform._read] Token Provied
2026-06-06 03:58:57 [info] [_stream_transform.js:166 - Transform._read] Token Provied
2026-06-06 03:58:58 [info] [_stream_transform.js:166 - Transform._read] Token Provied
2026-06-06 03:58:58 [info] [_stream_transform.js:166 - Transform._read] Token Provied
2026-06-06 03:58:58 [info] [_stream_transform.js:166 - Transform._read] Token Provied
2026-06-06 03:58:58 [info] [_stream_transform.js:166 - Transform._read] Token Provied
2026-06-06 03:58:58 [info] [_stream_transform.js:166 - Transform._read] Token Provied
2026-06-06 03:58:58 [info] [_stream_transform.js:166 - Transform._read] Token Provied
2026-06-06 03:58:58 [info] [_stream_transform.js:166 - Transform._read] Token Provied
2026-06-06 03:58:58 [info] [_stream_transform.js:166 - Transform._read] Token Provied
2026-06-06 03:58:58 [info] [_stream_transform.js:166 - Transform._read] Token Provied
2026-06-06 03:58:59 [info] [_stream_transform.js:166 - Transform._read] Token Provied
2026-06-06 03:59:00 [info] [_stream_transform.js:166 - Transform._read] Token Provied
2026-06-06 03:59:00 [info] [_stream_transform.js:166 - Transform._read] Token Provied
2026-06-06 03:59:48 [info] [_stream_transform.js:166 - Transform._read] Token Provied
2026-06-06 03:59:49 [info] [_stream_transform.js:166 - Transform._read] Token Provied
2026-06-06 03:59:49 [info] [_stream_transform.js:166 - Transform._read] Token Provied
2026-06-06 04:00:12 [info] [_stream_transform.js:166 - Transform._read] Token Provied
2026-06-06 04:00:12 [info] [_stream_transform.js:166 - Transform._read] Token Provied
2026-06-06 04:00:26 [info] [_stream_transform.js:166 - Transform._read] Token Provied
2026-06-06 04:00:27 [info] [_stream_transform.js:166 - Transform._read] Token Provied
2026-06-06 04:00:27 [info] [_stream_transform.js:166 - Transform._read] Token Provied
2026-06-06 04:00:27 [info] [_stream_transform.js:166 - Transform._read] Token Provied
2026-06-06 04:00:27 [info] [_stream_transform.js:166 - Transform._read] Token Provied
2026-06-06 04:00:27 [info] [_stream_transform.js:166 - Transform._read] Token Provied
2026-06-06 04:00:27 [info] [_stream_transform.js:166 - Transform._read] Token Provied
2026-06-06 04:00:27 [info] [_stream_transform.js:166 - Transform._read] Token Provied
2026-06-06 04:00:29 [info] [_stream_transform.js:166 - Transform._read] Token Provied
2026-06-06 04:00:30 [info] [_stream_transform.js:166 - Transform._read] Token Provied
2026-06-06 04:00:30 [info] [_stream_transform.js:166 - Transform._read] Token Provied
2026-06-06 04:00:30 [info] [_stream_transform.js:166 - Transform._read] Token Provied
2026-06-06 04:00:30 [info] [_stream_transform.js:166 - Transform._read] Token Provied
2026-06-06 04:00:31 [info] [_stream_transform.js:166 - Transform._read] Token Provied
2026-06-06 04:00:31 [info] [_stream_transform.js:166 - Transform._read] Token Provied
2026-06-06 04:00:31 [info] [_stream_transform.js:166 - Transform._read] Token Provied
2026-06-06 04:00:53 [info] [_stream_transform.js:166 - Transform._read] MSG91 OTP queued for 918830973046
