2026-06-01 22:03:10 [error] [_stream_transform.js:166 - Transform._read] Invalid or expired token
2026-06-01 22:03:10 [error] [_stream_transform.js:166 - Transform._read] Invalid or expired token
2026-06-03 01:18:26 [error] [_stream_transform.js:166 - Transform._read] Create patient error: patientQuery(...).findById is not a function
2026-06-03 01:22:58 [error] [_stream_transform.js:166 - Transform._read] Create patient error: patientQuery(...).findById is not a function
2026-06-04 00:03:38 [error] [_stream_transform.js:166 - Transform._read] unhandledRejection: HmsPatient validation failed: clinicalProfile: Cast to Embedded failed for value "[Function: jairamClinical]" (type function) at path "clinicalProfile" because of "ObjectExpectedError"
ValidationError: HmsPatient validation failed: clinicalProfile: Cast to Embedded failed for value "[Function: jairamClinical]" (type function) at path "clinicalProfile" because of "ObjectExpectedError"
    at Document.invalidate (C:\Users\jaira\Desktop\Frelancing\HospitalMgmtSoft2025\BackEnd\node_modules\mongoose\lib\document.js:3351:32)
    at model.$set (C:\Users\jaira\Desktop\Frelancing\HospitalMgmtSoft2025\BackEnd\node_modules\mongoose\lib\document.js:1486:12)
    at model.set [as clinicalProfile] (C:\Users\jaira\Desktop\Frelancing\HospitalMgmtSoft2025\BackEnd\node_modules\mongoose\lib\helpers\document\compile.js:205:19)
    at Object.assign (<anonymous>)
    at seedHmsPatients (file:///C:/Users/jaira/Desktop/Frelancing/HospitalMgmtSoft2025/BackEnd/src/seed/seedHmsPatients.js:376:14)
    at process.processTicksAndRejections (node:internal/process/task_queues:105:5)
    at async file:///C:/Users/jaira/Desktop/Frelancing/HospitalMgmtSoft2025/BackEnd/src/app.js:60:3
2026-06-04 00:08:10 [error] [_stream_transform.js:166 - Transform._read] unhandledRejection: HmsPatient validation failed: clinicalProfile: Cast to Embedded failed for value "[Function: jairamClinical]" (type function) at path "clinicalProfile" because of "ObjectExpectedError"
ValidationError: HmsPatient validation failed: clinicalProfile: Cast to Embedded failed for value "[Function: jairamClinical]" (type function) at path "clinicalProfile" because of "ObjectExpectedError"
    at Document.invalidate (C:\Users\jaira\Desktop\Frelancing\HospitalMgmtSoft2025\BackEnd\node_modules\mongoose\lib\document.js:3351:32)
    at model.$set (C:\Users\jaira\Desktop\Frelancing\HospitalMgmtSoft2025\BackEnd\node_modules\mongoose\lib\document.js:1486:12)
    at model.set [as clinicalProfile] (C:\Users\jaira\Desktop\Frelancing\HospitalMgmtSoft2025\BackEnd\node_modules\mongoose\lib\helpers\document\compile.js:205:19)
    at Object.assign (<anonymous>)
    at seedHmsPatients (file:///C:/Users/jaira/Desktop/Frelancing/HospitalMgmtSoft2025/BackEnd/src/seed/seedHmsPatients.js:376:14)
    at process.processTicksAndRejections (node:internal/process/task_queues:105:5)
    at async file:///C:/Users/jaira/Desktop/Frelancing/HospitalMgmtSoft2025/BackEnd/src/app.js:60:3
2026-06-04 00:23:14 [error] [_stream_transform.js:166 - Transform._read] View prescription PDF error: Request failed with status code 401
